dbc
9
0
5 
0,'b',1
1,'d',2
1,'b',3
2,'b',4
2,'c',5
3,'d',2
3,'b',3
4,'d',6
4,'b',7
6,'b',4
6,'c',5
7,'d',6
7,'b',7
0,'d',8
0,'c',8
1,'c',8
2,'d',8
3,'c',8
4,'c',8
5,'d',8
5,'b',8
5,'c',8
6,'d',8
7,'c',8
8,'d',8
8,'b',8
8,'c',8
