bcd
6
0
0 4 2 
0,'b',1
0,'c',2
1,'b',3
1,'d',4
2,'b',1
2,'c',2
3,'b',3
3,'d',4
4,'b',1
0,'d',5
1,'c',5
2,'d',5
3,'c',5
4,'c',5
4,'d',5
5,'b',5
5,'c',5
5,'d',5
