decab
16
0
10 0 11 4 12 14 2 5 6 
0,'d',1
0,'c',2
0,'a',3
0,'b',4
1,'a',5
2,'d',1
2,'c',2
2,'a',3
2,'b',4
3,'e',6
4,'d',1
4,'c',2
4,'a',3
4,'b',4
5,'d',7
5,'a',8
6,'d',9
6,'a',3
7,'a',10
8,'e',11
9,'a',12
10,'d',7
10,'a',8
11,'d',9
11,'a',8
12,'d',13
12,'a',8
13,'a',14
14,'d',13
14,'a',8
0,'e',15
1,'d',15
1,'e',15
1,'c',15
1,'b',15
2,'e',15
3,'d',15
3,'c',15
3,'a',15
3,'b',15
4,'e',15
5,'e',15
5,'c',15
5,'b',15
6,'e',15
6,'c',15
6,'b',15
7,'d',15
7,'e',15
7,'c',15
7,'b',15
8,'d',15
8,'c',15
8,'a',15
8,'b',15
9,'d',15
9,'e',15
9,'c',15
9,'b',15
10,'e',15
10,'c',15
10,'b',15
11,'e',15
11,'c',15
11,'b',15
12,'e',15
12,'c',15
12,'b',15
13,'d',15
13,'e',15
13,'c',15
13,'b',15
14,'e',15
14,'c',15
14,'b',15
15,'d',15
15,'e',15
15,'c',15
15,'a',15
15,'b',15
