10
9
0
4 6 2 
0,'1',1
0,'0',2
1,'1',3
1,'0',4
2,'1',5
2,'0',2
3,'1',3
3,'0',6
4,'1',5
4,'0',2
5,'1',3
5,'0',4
6,'1',7
7,'1',3
7,'0',6
6,'0',8
8,'1',8
8,'0',8
