cdef
10
0
6 1 0 7 3 8 5 
0,'c',1
0,'d',2
0,'f',3
1,'c',1
1,'d',4
1,'f',5
2,'e',6
3,'c',7
3,'d',2
3,'f',3
4,'e',8
5,'c',7
5,'d',4
5,'f',5
6,'c',7
6,'d',2
6,'f',3
7,'c',7
7,'d',4
7,'f',5
8,'c',7
8,'d',4
8,'f',5
0,'e',9
1,'e',9
2,'c',9
2,'d',9
2,'f',9
3,'e',9
4,'c',9
4,'d',9
4,'f',9
5,'e',9
6,'e',9
7,'e',9
8,'e',9
9,'c',9
9,'d',9
9,'e',9
9,'f',9
